main.c:163:6:set_cur_to	24	static
main.c:170:6:set_size	8	static
main.c:174:6:clear_screen	8	static
main.c:178:6:draw_floor	8	static
main.c:183:6:remove_obs	8	static
main.c:188:6:remove_plyr	8	static
main.c:193:6:draw_score	24	static
main.c:200:6:draw_score_at	32	static
main.c:207:6:draw_player	8	static
main.c:216:6:draw_player_jump	8	static
main.c:225:6:draw_obs	8	static
main.c:230:6:update_player	8	static
main.c:248:6:update_obs	8	static
main.c:256:6:update_score	8	static
main.c:261:6:update_frame	8	static
main.c:267:6:init_frame	8	static
main.c:285:6:jump	4	static
main.c:290:5:collide	4	static
main.c:307:6:disp_dead_scene	8	static
main.c:325:6:disp_start_scene	8	static
main.c:354:6:change_color	4	static
main.c:363:6:disp_pause	8	static
main.c:368:6:remove_pause	8	static
main.c:373:6:pause	8	static
main.c:386:5:main	24	static
main.c:470:6:SystemClock_Config	88	static
main.c:514:13:MX_USART2_UART_Init	8	static
main.c:547:13:MX_GPIO_Init	48	static
main.c:583:6:Error_Handler	4	static
